// Jest Snapshot v1, https://goo.gl/fbAQLP

exports[`The homePage should not change 1`] = `
<div>
  <div>
    Hello world!
    <a
      href="/animated"
    >
      ANIMATED
    </a>
  </div>
</div>
`;
